Akan memproses 150 frame dari input.
Bobot & bias berhasil dimuat.
Memulai Engine SyncPilot...
[INFO] two_pool dinonaktifkan: hanya satu kelas core (8B/0L).
Frame 1 selesai diproses.
Frame 2 selesai diproses.
Frame 3 selesai diproses.
Frame 4 selesai diproses.
Frame 5 selesai diproses.
Frame 6 selesai diproses.
Frame 7 selesai diproses.
Frame 8 selesai diproses.
Frame 9 selesai diproses.
Frame 10 selesai diproses.
Frame 11 selesai diproses.
Frame 12 selesai diproses.
Frame 13 selesai diproses.
Frame 14 selesai diproses.
Frame 15 selesai diproses.
Frame 16 selesai diproses.
Frame 17 selesai diproses.
Frame 18 selesai diproses.
Frame 19 selesai diproses.
Frame 20 selesai diproses.
Frame 21 selesai diproses.
Frame 22 selesai diproses.
Frame 23 selesai diproses.
Frame 24 selesai diproses.
Frame 25 selesai diproses.
Frame 26 selesai diproses.
Frame 27 selesai diproses.
Frame 28 selesai diproses.
Frame 29 selesai diproses.
Frame 30 selesai diproses.
Frame 31 selesai diproses.
Frame 32 selesai diproses.
Frame 33 selesai diproses.
Frame 34 selesai diproses.
Frame 35 selesai diproses.
Frame 36 selesai diproses.
Frame 37 selesai diproses.
Frame 38 selesai diproses.
Frame 39 selesai diproses.
Frame 40 selesai diproses.
Frame 41 selesai diproses.
Frame 42 selesai diproses.
Frame 43 selesai diproses.
Frame 44 selesai diproses.
Frame 45 selesai diproses.
Frame 46 selesai diproses.
Frame 47 selesai diproses.
Frame 48 selesai diproses.
Frame 49 selesai diproses.
Frame 50 selesai diproses.
Frame 51 selesai diproses.
Frame 52 selesai diproses.
Frame 53 selesai diproses.
Frame 54 selesai diproses.
Frame 55 selesai diproses.
Frame 56 selesai diproses.
Frame 57 selesai diproses.
Frame 58 selesai diproses.
Frame 59 selesai diproses.
Frame 60 selesai diproses.
Frame 61 selesai diproses.
Frame 62 selesai diproses.
Frame 63 selesai diproses.
Frame 64 selesai diproses.
Frame 65 selesai diproses.
Frame 66 selesai diproses.
Frame 67 selesai diproses.
Frame 68 selesai diproses.
Frame 69 selesai diproses.
Frame 70 selesai diproses.
Frame 71 selesai diproses.
Frame 72 selesai diproses.
Frame 73 selesai diproses.
Frame 74 selesai diproses.
Frame 75 selesai diproses.
Frame 76 selesai diproses.
Frame 77 selesai diproses.
Frame 78 selesai diproses.
Total 150 frame dimasukkan ke pipeline.
Frame 79 selesai diproses.
Frame 80 selesai diproses.
Frame 81 selesai diproses.
Frame 82 selesai diproses.
Frame 83 selesai diproses.
Frame 84 selesai diproses.
Frame 85 selesai diproses.
Frame 86 selesai diproses.
Frame 87 selesai diproses.
Frame 88 selesai diproses.
Frame 89 selesai diproses.
Frame 90 selesai diproses.
Frame 91 selesai diproses.
Frame 92 selesai diproses.
Frame 93 selesai diproses.
Frame 94 selesai diproses.
Frame 95 selesai diproses.
Frame 96 selesai diproses.
Frame 97 selesai diproses.
Frame 98 selesai diproses.
Frame 99 selesai diproses.
Frame 100 selesai diproses.
Frame 101 selesai diproses.
Frame 102 selesai diproses.
Frame 103 selesai diproses.
Frame 104 selesai diproses.
Frame 105 selesai diproses.
Frame 106 selesai diproses.
Frame 107 selesai diproses.
Frame 108 selesai diproses.
Frame 109 selesai diproses.
Frame 110 selesai diproses.
Frame 111 selesai diproses.
Frame 112 selesai diproses.
Frame 113 selesai diproses.
Frame 114 selesai diproses.
Frame 115 selesai diproses.
Frame 116 selesai diproses.
Frame 117 selesai diproses.
Frame 118 selesai diproses.
Frame 119 selesai diproses.
Frame 120 selesai diproses.
Frame 121 selesai diproses.
Frame 122 selesai diproses.
Frame 123 selesai diproses.
Frame 124 selesai diproses.
Frame 125 selesai diproses.
Frame 126 selesai diproses.
Frame 127 selesai diproses.
Frame 128 selesai diproses.
Frame 129 selesai diproses.
Frame 130 selesai diproses.
Frame 131 selesai diproses.
Frame 132 selesai diproses.
Frame 133 selesai diproses.
Frame 134 selesai diproses.
Frame 135 selesai diproses.
Frame 136 selesai diproses.
Frame 137 selesai diproses.
Frame 138 selesai diproses.
Frame 139 selesai diproses.
Frame 140 selesai diproses.
Frame 141 selesai diproses.
Frame 142 selesai diproses.
Frame 143 selesai diproses.
Frame 144 selesai diproses.
Frame 145 selesai diproses.
Frame 146 selesai diproses.
Frame 147 selesai diproses.
Frame 148 selesai diproses.
Frame 149 selesai diproses.
Frame 150 selesai diproses.

==================================================
🔥 [IC-RCE] HASIL ESTIMASI BIAYA PER-STAGE/LAYER FSRCNN
==================================================
Layer 1: 0.006236 detik
Layer 2: 0.015556 detik
Layer 3: 0.007243 detik
Layer 4: 0.003608 detik
Layer 5: 0.003312 detik
Layer 6: 0.003491 detik
Layer 7: 0.014310 detik
Layer 8: 0.050687 detik
==================================================

Pipeline SyncPilot selesai, 150 frame ditulis ke disk.
Selesai.
